<html>
<body>
<pre>
<h1>µVision Build Log</h1>
<h2>Tool Versions:</h2>
IDE-Version: ¦ÌVision V5.12.0.0
Copyright (C) 2014 ARM Ltd and ARM Germany GmbH. All rights reserved.
License Information: yan kui, yan_company, LIC=R4HPC-78UDZ-8X5UZ-J6QCH-7SG4V-1HY1P
 
Tool Versions:
Toolchain:       MDK-ARM Professional  Version: 5.12.0.0
Toolchain Path:  d:\Keil_v5\ARM\ARMCC\Bin
C Compiler:      Armcc.exe V5.05 (build 41)
Assembler:       Armasm.exe V5.05 (build 41)
Linker/Locator:  ArmLink.exe V5.05 (build 41)
Library Manager: ArmAr.exe V5.05 (build 41)
Hex Converter:   FromElf.exe V5.05 (build 41)
CPU DLL:         SARMCM3.DLL V5.12.0.0
Dialog DLL:      DARMSTM.DLL V1.65.0.0
    Target DLL: Segger\JL2CM3.dll
Dialog DLL:      TARMSTM.DLL V1.64.0.0
 
<h2>Project:</h2>
F:\test_temp\stm32_function_mode\EMwin_Yankui\USER\Template.uvprojx
Project File Date:  08/10/2015

<h2>Output:</h2>
Rebuild target 'Target 1'
compiling stm32f10x_it.c...
compiling system_stm32f10x.c...
compiling WindowDLG.c...
compiling main.c...
compiling led.c...
compiling key.c...
compiling ILI93xx.c...
compiling sram.c...
compiling myiic.c...
compiling 24cxx.c...
compiling spi.c...
compiling ctiic.c...
compiling ft5206.c...
compiling gt9147.c...
compiling ott2001a.c...
compiling touch.c...
compiling timer.c...
compiling delay.c...
compiling sys.c...
compiling usart.c...
compiling core_cm3.c...
assembling startup_stm32f10x_hd.s...
compiling malloc.c...
compiling misc.c...
compiling stm32f10x_crc.c...
compiling stm32f10x_fsmc.c...
compiling stm32f10x_gpio.c...
compiling stm32f10x_rcc.c...
compiling stm32f10x_spi.c...
compiling stm32f10x_tim.c...
compiling stm32f10x_usart.c...
compiling GUI_X.c...
compiling GUIConf.c...
compiling GUIDRV_Template.c...
compiling GUI_X_Touch_Analog.c...
compiling LCDConf_FlexColor_Template.c...
linking...
Program Size: Code=67114 RO-data=9762 RW-data=500 ZI-data=1091564  
FromELF: creating hex file...
"..\OBJ\MALLOCgg.axf" - 0 Error(s), 0 Warning(s).

<h2>Collection of Component include folders:</h2>
  F:\test_temp\stm32_function_mode\EMwin_Yankui\USER\RTE
  d:\Keil_v5\ARM\PACK\Keil\STM32F1xx_DFP\1.0.5\Device\Include

<h2>Collection of Component Files used:</h2>
.axf" - 1 Error(s), 1 Warning(s).

<h2>Collection of Component include folders:</h2>
  F:\test_temp\stm32_function_mode\EMwin_Yankui\USER\RTE
  d:\Keil_v5\ARM\PACK\Keil\STM32F1xx_DFP\1.0.5\Device\Include

<h2>Collection of Component Files used:</h2>
Target not created.
ouch.c...
compiling GUIDEMO_TransparentDialog.c...
compiling GUIDEMO_Treeview.c...
compiling GUIDEMO_VScreen.c...
compiling GUIDEMO_WashingMachine.c...
compiling GUIDEMO_ZoomAndRotate.c...
linking...
Program Size: Code=83312 RO-data=14356 RW-data=716 ZI-data=1091596  
FromELF: creating hex file...
"..\OBJ\MALLOCgg.axf" - 0 Error(s), 0 Warning(s).

<h2>Collection of Component include folders:</h2>
  F:\test_temp\stm32_function_mode\EMwin_Yankui\USER\RTE
  d:\Keil_v5\ARM\PACK\Keil\STM32F1xx_DFP\1.0.5\Device\Include

<h2>Collection of Component Files used:</h2>
ude

<h2>Collection of Component Files used:</h2>
Target not created.
x_DFP\1.0.5\Device\Include

<h2>Collection of Component Files used:</h2>
Target not created.
