<html>
<body>
<pre>
<h1>µVision Build Log</h1>
<h2>Tool Versions:</h2>
IDE-Version: ¦ÌVision V5.12.0.0
Copyright (C) 2014 ARM Ltd and ARM Germany GmbH. All rights reserved.
License Information: yan kui, yan_company, LIC=R4HPC-78UDZ-8X5UZ-J6QCH-7SG4V-1HY1P
 
Tool Versions:
Toolchain:       MDK-ARM Professional  Version: 5.12.0.0
Toolchain Path:  d:\Keil_v5\ARM\ARMCC\Bin
C Compiler:      Armcc.exe V5.05 (build 41)
Assembler:       Armasm.exe V5.05 (build 41)
Linker/Locator:  ArmLink.exe V5.05 (build 41)
Library Manager: ArmAr.exe V5.05 (build 41)
Hex Converter:   FromElf.exe V5.05 (build 41)
CPU DLL:         SARMCM3.DLL V5.12.0.0
Dialog DLL:      DARMSTM.DLL V1.65.0.0
    Target DLL: Segger\JL2CM3.dll
Dialog DLL:      TARMSTM.DLL V1.64.0.0
 
<h2>Project:</h2>
F:\test_temp\stm32_function_mode\EMwin_Yankui\USER\Template.uvprojx
Project File Date:  11/27/2015

<h2>Output:</h2>
Rebuild target 'Target 1'
compiling stm32f10x_it.c...
compiling system_stm32f10x.c...
compiling main.c...
compiling delay.c...
compiling sys.c...
compiling usart.c...
compiling core_cm3.c...
assembling startup_stm32f10x_hd.s...
compiling malloc.c...
compiling misc.c...
compiling stm32f10x_crc.c...
compiling stm32f10x_fsmc.c...
compiling stm32f10x_gpio.c...
compiling stm32f10x_rcc.c...
compiling stm32f10x_spi.c...
compiling stm32f10x_tim.c...
compiling stm32f10x_usart.c...
compiling stm32f10x_adc.c...
compiling stm32f10x_dac.c...
compiling stm32f10x_exti.c...
compiling GUI_X.c...
compiling GUIConf.c...
compiling GUIDRV_Template.c...
compiling GUI_X_Touch_Analog.c...
compiling LCDConf_FlexColor_Template.c...
compiling changliang.c...
compiling ctiic.c...
compiling ft5206.c...
compiling gt9147.c...
compiling ott2001a.c...
compiling touch.c...
compiling timer.c...
..\HARDWARE\TIMER\timer.c(43): warning:  #177-D: variable "w" was declared but never referenced
  {int w;
..\HARDWARE\TIMER\timer.c: 1 warning, 0 errors
compiling sram.c...
compiling spi.c...
compiling led.c...
compiling ILI93xx.c...
compiling key.c...
compiling myiic.c...
compiling flash.c...
compiling 24cxx.c...
compiling adc.c...
..\SMDEMO\ADC\adc.c(88): warning:  #177-D: variable "sum" was declared but never referenced
                u32 value_buf[15],temp=0,sum=0;
..\SMDEMO\ADC\adc.c(156): warning:  #177-D: variable "str_1" was declared but never referenced
          static char  str_1[]="hello world";
..\SMDEMO\ADC\adc.c(158): warning:  #177-D: variable "tempoten" was declared but never referenced
                float tempoten;
..\SMDEMO\ADC\adc.c(208): warning:  #177-D: variable "i" was declared but never referenced
                          int i;
..\SMDEMO\ADC\adc.c: 4 warnings, 0 errors
compiling NANJING.c...
..\SMDEMO\NANJING.c(46): warning:  #1295-D: Deprecated declaration KEY_Init_1 - give arg types
  void KEY_Init_1();
..\SMDEMO\NANJING.c(261): warning:  #177-D: variable "temp_int" was declared but never referenced
        int  temp_int;
..\SMDEMO\NANJING.c(263): warning:  #177-D: variable "hWin" was declared but never referenced
    WM_HWIN hWin;
..\SMDEMO\NANJING.c(265): warning:  #177-D: variable "i" was declared but never referenced
        int i;
..\SMDEMO\NANJING.c(266): warning:  #177-D: variable "statue_stir" was declared but never referenced
        static int statue_stir=0;
..\SMDEMO\NANJING.c(731): warning:  #111-D: statement is unreachable
    return hWin;
..\SMDEMO\NANJING.c(661): warning:  #177-D: variable "hItem" was declared but never referenced
                WM_HWIN hItem;
..\SMDEMO\NANJING.c(662): warning:  #550-D: variable "hGraph" was set but never used
    WM_HWIN hGraph;
..\SMDEMO\NANJING.c(663): warning:  #550-D: variable "temp_compare" was set but never used
        float temp_compare;
..\SMDEMO\NANJING.c(94): warning:  #177-D: variable "_aValue" was declared but never referenced
  static u16 _aValue[3];
..\SMDEMO\NANJING.c: 10 warnings, 0 errors
compiling dac.c...
linking...
Program Size: Code=123440 RO-data=32572 RW-data=1100 ZI-data=1091612  
FromELF: creating hex file...
"..\OBJ\MAyankui.axf" - 0 Error(s), 15 Warning(s).

<h2>Collection of Component include folders:</h2>
  F:\test_temp\stm32_function_mode\EMwin_Yankui\USER\RTE
  d:\Keil_v5\ARM\PACK\Keil\STM32F1xx_DFP\1.0.5\Device\Include

<h2>Collection of Component Files used:</h2>
</pre>
</body>
</html>
