<html>
<body>
<pre>
<h1>µVision Build Log</h1>
<h2>Tool Versions:</h2>
IDE-Version: ¦ÌVision V5.12.0.0
Copyright (C) 2014 ARM Ltd and ARM Germany GmbH. All rights reserved.
License Information: yan kui, yan_company, LIC=R4HPC-78UDZ-8X5UZ-J6QCH-7SG4V-1HY1P
 
Tool Versions:
Toolchain:       MDK-ARM Professional  Version: 5.12.0.0
Toolchain Path:  d:\Keil_v5\ARM\ARMCC\Bin
C Compiler:      Armcc.exe V5.05 (build 41)
Assembler:       Armasm.exe V5.05 (build 41)
Linker/Locator:  ArmLink.exe V5.05 (build 41)
Library Manager: ArmAr.exe V5.05 (build 41)
Hex Converter:   FromElf.exe V5.05 (build 41)
CPU DLL:         SARMCM3.DLL V5.12.0.0
Dialog DLL:      DARMSTM.DLL V1.65.0.0
    Target DLL: Segger\JL2CM3.dll
Dialog DLL:      TARMSTM.DLL V1.64.0.0
 
<h2>Project:</h2>
F:\test_temp\stm32_function_mode\EMwin_Yankui\USER\Template.uvprojx
Project File Date:  01/20/2016

<h2>Output:</h2>
Rebuild target 'Target 1'
compiling stm32f10x_it.c...
compiling system_stm32f10x.c...
compiling main.c...
compiling NANJING.c...
..\SMDEMO\NANJING.c(181): warning:  #550-D: variable "sin_x" was set but never used
                u16 sin_x;
..\SMDEMO\NANJING.c(184): warning:  #177-D: variable "Add" was declared but never referenced
                int Add;
..\SMDEMO\NANJING.c(186): warning:  #177-D: variable "Add_2" was declared but never referenced
                int Add_2 ;
..\SMDEMO\NANJING.c(952): warning:  #550-D: variable "Da_i" was set but never used
        static int Da_i;
..\SMDEMO\NANJING.c(953): warning:  #550-D: variable "ww" was set but never used
        static int ww;
..\SMDEMO\NANJING.c(956): warning:  #177-D: variable "up_max" was declared but never referenced
        int up_max=0;
..\SMDEMO\NANJING.c(107): warning:  #177-D: variable "DA_value" was declared but never referenced
  static int DA_value[4]={0};
..\SMDEMO\NANJING.c: 7 warnings, 0 errors
compiling delay.c...
compiling sys.c...
compiling usart.c...
compiling core_cm3.c...
assembling startup_stm32f10x_hd.s...
compiling malloc.c...
compiling misc.c...
compiling stm32f10x_crc.c...
compiling stm32f10x_fsmc.c...
compiling stm32f10x_gpio.c...
compiling stm32f10x_rcc.c...
compiling stm32f10x_spi.c...
compiling stm32f10x_tim.c...
compiling stm32f10x_usart.c...
compiling stm32f10x_adc.c...
compiling stm32f10x_dac.c...
compiling stm32f10x_exti.c...
compiling GUI_X.c...
compiling GUIConf.c...
compiling GUIDRV_Template.c...
compiling GUI_X_Touch_Analog.c...
compiling LCDConf_FlexColor_Template.c...
compiling changliang.c...
compiling ctiic.c...
compiling ft5206.c...
compiling gt9147.c...
compiling ott2001a.c...
compiling touch.c...
compiling timer.c...
..\HARDWARE\TIMER\timer.c(106): warning:  #177-D: variable "GPIO_InitStructure" was declared but never referenced
        GPIO_InitTypeDef GPIO_InitStructure;
..\HARDWARE\TIMER\timer.c: 1 warning, 0 errors
compiling sram.c...
compiling spi.c...
compiling led.c...
compiling ILI93xx.c...
compiling key.c...
compiling myiic.c...
compiling flash.c...
compiling 24cxx.c...
compiling adc.c...
compiling dac.c...
linking...
Program Size: Code=122284 RO-data=32872 RW-data=1004 ZI-data=1091764  
FromELF: creating hex file...
"..\OBJ\MAyankuigg.axf" - 0 Error(s), 8 Warning(s).

<h2>Collection of Component include folders:</h2>
  F:\test_temp\stm32_function_mode\EMwin_Yankui\USER\RTE
  d:\Keil_v5\ARM\PACK\Keil\STM32F1xx_DFP\1.0.5\Device\Include

<h2>Collection of Component Files used:</h2>
</pre>
</body>
</html>
