<html>
<body>
<pre>
<h1>礦ision Build Log</h1>
<h2>Tool Versions:</h2>
IDE-Version: μVision V5.14.0.0
Copyright (C) 2015 ARM Ltd and ARM Germany GmbH. All rights reserved.
License Information: YAN Microsoft, Microsoft, LIC=V8563-A4531-EY4VT-R5E3G-M03QN-0ZNAY
 
Tool Versions:
Toolchain:       MDK-ARM Professional  Version: 5.14.0.0
Toolchain Path:  D:\Program_install\KEIL5\ARM\ARMCC\Bin
C Compiler:      Armcc.exe V5.05 update 1 (build 106)
Assembler:       Armasm.exe V5.05 update 1 (build 106)
Linker/Locator:  ArmLink.exe V5.05 update 1 (build 106)
Library Manager: ArmAr.exe V5.05 update 1 (build 106)
Hex Converter:   FromElf.exe V5.05 update 1 (build 106)
CPU DLL:         SARMCM3.DLL V5.14.0.0
Dialog DLL:      DARMSTM.DLL V1.65.0.0
Target DLL:      Segger\JL2CM3.dll V2.99.13.0
Dialog DLL:      TARMSTM.DLL V1.64.0.0
 
<h2>Project:</h2>
E:\project\仪器南工大\测试\EMwin_Yankui -IO-2016-7-25\USER\Template.uvprojx
Project File Date:  02/09/2016

<h2>Output:</h2>
Rebuild target 'Target 1'
compiling stm32f10x_it.c...
compiling system_stm32f10x.c...
compiling main.c...
compiling delay.c...
compiling sys.c...
compiling NANJING.c...
..\SMDEMO\NANJING.c(212): warning:  #550-D: variable "sin_x" was set but never used
                u16 sin_x;
..\SMDEMO\NANJING.c(215): warning:  #177-D: variable "Add" was declared but never referenced
                int Add;
..\SMDEMO\NANJING.c(217): warning:  #177-D: variable "Add_2" was declared but never referenced
                int Add_2 ;
..\SMDEMO\NANJING.c(822): warning:  #177-D: variable "xdir" was declared but never referenced
        int     xdir;
..\SMDEMO\NANJING.c(823): warning:  #177-D: variable "temp_string" was declared but never referenced
        char temp_string[20];
..\SMDEMO\NANJING.c(1275): warning:  #550-D: variable "temp_compare" was set but never used
        float temp_compare;
..\SMDEMO\NANJING.c(1276): warning:  #550-D: variable "Da_i" was set but never used
        static int Da_i;
..\SMDEMO\NANJING.c(1277): warning:  #550-D: variable "ww" was set but never used
        static int ww;
..\SMDEMO\NANJING.c(1278): warning:  #177-D: variable "Cliberate" was declared but never referenced
        int   Cliberate[15]={0};
..\SMDEMO\NANJING.c(789): warning:  #177-D: function "_IntToStr" was declared but never referenced
  static void _IntToStr(char * pBuffer, int Num) {
..\SMDEMO\NANJING.c: 10 warnings, 0 errors
compiling usart.c...
compiling core_cm3.c...
assembling startup_stm32f10x_hd.s...
compiling malloc.c...
compiling misc.c...
compiling stm32f10x_crc.c...
compiling stm32f10x_fsmc.c...
compiling stm32f10x_gpio.c...
compiling stm32f10x_rcc.c...
compiling stm32f10x_spi.c...
compiling stm32f10x_tim.c...
compiling stm32f10x_usart.c...
compiling stm32f10x_adc.c...
compiling stm32f10x_dac.c...
compiling stm32f10x_exti.c...
compiling stm32f10x_flash.c...
compiling GUI_X.c...
compiling GUIConf.c...
compiling GUIDRV_Template.c...
compiling GUI_X_Touch_Analog.c...
compiling LCDConf_FlexColor_Template.c...
compiling changliang.c...
compiling ctiic.c...
compiling ft5206.c...
compiling gt9147.c...
compiling ott2001a.c...
compiling touch.c...
compiling timer.c...
compiling sram.c...
compiling spi.c...
compiling led.c...
compiling ILI93xx.c...
compiling key.c...
compiling myiic.c...
compiling flash.c...
compiling 24cxx.c...
compiling adc.c...
compiling dac.c...
compiling stmflash.c...
..\HARDWARE\STMFLASH\stmflash.c(35): warning:  #223-D: function "FLASH_ProgramHalfWord" declared implicitly
                FLASH_ProgramHalfWord(WriteAddr,pBuffer[i]);
..\HARDWARE\STMFLASH\stmflash.c(57): warning:  #223-D: function "FLASH_Unlock" declared implicitly
        FLASH_Unlock();                                         //解锁
..\HARDWARE\STMFLASH\stmflash.c(72): warning:  #223-D: function "FLASH_ErasePage" declared implicitly
                        FLASH_ErasePage(secpos*STM_SECTOR_SIZE+STM32_FLASH_BASE);//擦除这个扇区
..\HARDWARE\STMFLASH\stmflash.c(91): warning:  #223-D: function "FLASH_Lock" declared implicitly
        FLASH_Lock();//上锁
..\HARDWARE\STMFLASH\stmflash.c: 4 warnings, 0 errors
linking...
Program Size: Code=122940 RO-data=45780 RW-data=1024 ZI-data=1093824  
FromELF: creating hex file...
"..\OBJ\xx.axf" - 0 Error(s), 14 Warning(s).

<h2>Collection of Component include folders:</h2>
  E:\project\仪器南工大\测试\EMwin_Yankui -IO-2016-7-25\USER\RTE
  D:\Program_install\KEIL5\ARM\PACK\Keil\STM32F1xx_DFP\1.0.5\Device\Include

<h2>Collection of Component Files used:</h2>
</pre>
</body>
</html>
